// Jest Snapshot v1, https://goo.gl/fbAQLP

exports[`LoginScreen renders correctly 1`] = `
<View
  style={
    {
      "flex": 1,
    }
  }
>
  <RCTSafeAreaView />
  <TextInput
    onChangeText={[Function]}
    placeholder="Enter Name"
    placeholderTextColor="black"
    style={
      [
        {
          "backgroundColor": "#FCF5ED",
          "borderRadius": 15,
        },
        {
          "alignSelf": "center",
          "borderRadius": 10,
          "borderWidth": 0.5,
          "height": 50,
          "marginTop": 30,
          "paddingLeft": 20,
          "width": "90%",
        },
      ]
    }
    testID="name_input_text"
    value=""
  />
  <TextInput
    onChangeText={[Function]}
    placeholder="Enter Password"
    placeholderTextColor="black"
    style={
      [
        {
          "backgroundColor": "#FCF5ED",
          "borderRadius": 15,
        },
        {
          "alignSelf": "center",
          "borderRadius": 10,
          "borderWidth": 0.5,
          "height": 50,
          "marginTop": 30,
          "paddingLeft": 20,
          "width": "90%",
        },
      ]
    }
    testID="password_input_text"
    value=""
  />
  <View
    style={
      {
        "marginTop": 50,
      }
    }
  >
    <View
      accessibilityState={
        {
          "busy": undefined,
          "checked": undefined,
          "disabled": undefined,
          "expanded": undefined,
          "selected": undefined,
        }
      }
      accessibilityValue={
        {
          "max": undefined,
          "min": undefined,
          "now": undefined,
          "text": undefined,
        }
      }
      accessible={true}
      collapsable={false}
      focusable={false}
      onClick={[Function]}
      onResponderGrant={[Function]}
      onResponderMove={[Function]}
      onResponderRelease={[Function]}
      onResponderTerminate={[Function]}
      onResponderTerminationRequest={[Function]}
      onStartShouldSetResponder={[Function]}
      style={
        {
          "alignItems": "center",
          "backgroundColor": "#706233",
          "borderRadius": 20,
          "marginHorizontal": 30,
          "opacity": 1,
          "padding": 20,
        }
      }
    >
      <Text
        style={
          {
            "color": "white",
            "fontSize": 20,
            "fontWeight": "bold",
          }
        }
      >
        Login
      </Text>
    </View>
  </View>
  <Text
    onPress={[Function]}
    style={
      {
        "alignSelf": "center",
        "fontSize": 18,
        "fontWeight": "600",
        "marginTop": 50,
        "textDecorationLine": "underline",
      }
    }
    testID="create_account_screen_press"
  >
    Create New Account
  </Text>
  <View
    style={
      {
        "flex": 1,
        "justifyContent": "flex-end",
        "marginBottom": 50,
      }
    }
  >
    <View
      accessibilityState={
        {
          "busy": undefined,
          "checked": undefined,
          "disabled": undefined,
          "expanded": undefined,
          "selected": undefined,
        }
      }
      accessibilityValue={
        {
          "max": undefined,
          "min": undefined,
          "now": undefined,
          "text": undefined,
        }
      }
      accessible={true}
      collapsable={false}
      focusable={true}
      onClick={[Function]}
      onResponderGrant={[Function]}
      onResponderMove={[Function]}
      onResponderRelease={[Function]}
      onResponderTerminate={[Function]}
      onResponderTerminationRequest={[Function]}
      onStartShouldSetResponder={[Function]}
      style={
        {
          "alignItems": "center",
          "backgroundColor": "#706233",
          "borderRadius": 20,
          "marginHorizontal": 30,
          "opacity": 1,
          "padding": 20,
        }
      }
    >
      <Text
        style={
          {
            "color": "white",
            "fontSize": 20,
            "fontWeight": "bold",
          }
        }
        testID="select_language_button"
      >
        Select Language
      </Text>
    </View>
  </View>
</View>
`;
