// Jest Snapshot v1, https://goo.gl/fbAQLP

exports[`CreateAccountscreen renders snap 1`] = `
<View
  style={
    {
      "flex": 1,
    }
  }
>
  <Text
    style={
      {
        "alignSelf": "center",
        "color": "#000",
        "fontSize": 20,
        "fontWeight": "800",
        "marginTop": 100,
      }
    }
  >
    Sign up
  </Text>
  <TextInput
    onChangeText={[Function]}
    placeholder="Enter Name"
    placeholderTextColor="black"
    style={
      [
        {
          "backgroundColor": "#FCF5ED",
          "borderRadius": 15,
        },
        {
          "alignSelf": "center",
          "borderRadius": 10,
          "borderWidth": 0.5,
          "height": 50,
          "marginTop": 30,
          "paddingLeft": 20,
          "width": "90%",
        },
      ]
    }
    testID="name_text_input"
    value=""
  />
  <TextInput
    onChangeText={[Function]}
    placeholder="Enter Email Id Name"
    placeholderTextColor="black"
    style={
      [
        {
          "backgroundColor": "#FCF5ED",
          "borderRadius": 15,
        },
        {
          "alignSelf": "center",
          "borderRadius": 10,
          "borderWidth": 0.5,
          "height": 50,
          "marginTop": 30,
          "paddingLeft": 20,
          "width": "90%",
        },
      ]
    }
    testID="email_text_input"
    value=""
  />
  <TextInput
    onChangeText={[Function]}
    placeholder="Enter Password"
    placeholderTextColor="black"
    style={
      [
        {
          "backgroundColor": "#FCF5ED",
          "borderRadius": 15,
        },
        {
          "alignSelf": "center",
          "borderRadius": 10,
          "borderWidth": 0.5,
          "height": 50,
          "marginTop": 30,
          "paddingLeft": 20,
          "width": "90%",
        },
      ]
    }
    testID="password_text_input"
    value=""
  />
  <View
    style={
      {
        "marginTop": 50,
      }
    }
  >
    <View
      accessibilityState={
        {
          "busy": undefined,
          "checked": undefined,
          "disabled": undefined,
          "expanded": undefined,
          "selected": undefined,
        }
      }
      accessibilityValue={
        {
          "max": undefined,
          "min": undefined,
          "now": undefined,
          "text": undefined,
        }
      }
      accessible={true}
      collapsable={false}
      focusable={true}
      onClick={[Function]}
      onResponderGrant={[Function]}
      onResponderMove={[Function]}
      onResponderRelease={[Function]}
      onResponderTerminate={[Function]}
      onResponderTerminationRequest={[Function]}
      onStartShouldSetResponder={[Function]}
      style={
        {
          "alignItems": "center",
          "backgroundColor": "#706233",
          "borderRadius": 20,
          "marginHorizontal": 30,
          "opacity": 1,
          "padding": 20,
        }
      }
      testID="sign_up_button"
    >
      <Text
        style={
          {
            "color": "white",
            "fontSize": 20,
            "fontWeight": "bold",
          }
        }
      >
        Sign up
      </Text>
    </View>
  </View>
</View>
`;
