// Jest Snapshot v1, https://goo.gl/fbAQLP

exports[`StackNavigation renders correctly 1`] = `null`;
